Open Watcom Linker Version 2.0 beta Jun  1 2021 00:24:15 (64-bit)
Copyright (c) 2002-2021 The Open Watcom Contributors. All Rights Reserved.
Portions Copyright (c) 1985-2002 Sybase, Inc. All Rights Reserved.
Created on:       21/07/10 19:49:50
Executable Image: tftp.exe
creating a DOS executable


                        +------------+
                        |   Groups   |
                        +------------+

Group                           Address              Size
=====                           =======              ====

DGROUP                          0913:0000            00003b10



                        +--------------+
                        |   Segments   |
                        +--------------+

Segment                Class          Group          Address         Size
=======                =====          =====          =======         ====

BEGTEXT                CODE           AUTO           0000:0000       00000007
_TEXT                  CODE           AUTO           0000:0010       00009117
FAR_DATA               FAR_DATA       AUTO           0912:0007       00000000
_NULL                  BEGDATA        DGROUP         0913:0000       00000020
_AFTERNULL             BEGDATA        DGROUP         0915:0000       00000002
CONST                  DATA           DGROUP         0915:0002       00001750
CONST2                 DATA           DGROUP         0a8b:0000       0000023d
_DATA                  DATA           DGROUP         0aaf:0000       00000449
XIB                    DATA           DGROUP         0af3:000a       00000000
XI                     DATA           DGROUP         0af3:000a       0000001e
XIE                    DATA           DGROUP         0af5:0008       00000000
YIB                    DATA           DGROUP         0af5:0008       00000000
YI                     DATA           DGROUP         0af5:0008       00000018
YIE                    DATA           DGROUP         0af7:0000       00000000
STRINGS                DATA           DGROUP         0af7:0000       00000000
DATA                   DATA           DGROUP         0af7:0000       00000000
_BSS                   BSS            DGROUP         0af7:0000       00000cca
STACK                  STACK          DGROUP         0bc4:0000       00001000


                        +----------------+
                        |   Memory Map   |
                        +----------------+

* = unreferenced symbol
+ = symbol only referenced locally

Address        Symbol
=======        ======

Module: packet.o(/usr/home/hiroki/mtcp-src_2020-03-07/tcplib/packet.cpp)
0913:1e6c      char unsigned __near Buffer_first
0913:1e6d      char unsigned __near Buffer_next
0913:1e88+     char unsigned __near Buffer_lowFreeCount
0913:1e8c+     long unsigned __near Packets_dropped
0913:1e90+     long unsigned __near Packets_received
0913:1e94+     long unsigned __near Packets_sent
0913:1e98+     long unsigned __near Packets_send_errs
0913:1e9c+     long unsigned __near Packets_send_retries
0000:0010      char signed __near Buffer_init()
0000:0054      void __near Buffer_startReceiving()
0000:005a      void __near Buffer_free( char unsigned const __near * )
0000:0082      void __near Buffer_stopReceiving()
0000:0088      void __near Buffer_stop()
0000:0092      char signed __near Packet_registerEtherType( short unsigned, void (__near *)())
0000:00bf*     void __near Packet_registerDefault( void (__near *)())
0000:0174      char signed __near Packet_init( char unsigned )
0000:023a      char signed __near Packet_release_type()
0000:029e      void __near Packet_get_addr( char unsigned __near * )
0000:02d0      void __near Packet_send_pkt( void __near *, short unsigned )
0000:037e      void __near Packet_process_internal()
0000:042b      void __near Packet_dumpStats( __iobuf __near * )
0000:0469*     char unsigned __near Packet_getSoftwareInt()
0000:046d*     short unsigned __near Packet_getHandle()
0913:19c0+     char const __near * __near PKT_DRVR_EYE_CATCHER
0913:1ea4+     void (__near * __near Packet_EtherTypeHandler[])( char unsigned __near *, short unsigned )
0913:1ea8+     short unsigned __near Packet_EtherTypeVal[]
0913:1eac+     char unsigned __near Packet_EtherTypeHandlers
0913:1eae+     void (__near * __near Packet_typeUnhandled)( char unsigned __near *, short unsigned )
Module: arp.o(/usr/home/hiroki/mtcp-src_2020-03-07/tcplib/arp.cpp)
0913:1eb0+     Arp::__1d89chPending_t __near Arp::pending[]
0913:1ec4      short unsigned __near Arp::pendingEntries
0913:1ec6+     Arp::__ja02nRec_t __near Arp::arpTable[]
0913:1f0c+     short unsigned __near Arp::entries
0913:1f10+     long unsigned __near Arp::RequestsReceived
0913:1f14+     long unsigned __near Arp::RepliesReceived
0000:0471      void __near Arp::dumpStats( __iobuf __near * )
0000:04af      void __near Arp::init()
0000:05d9      void __near Arp::clearPendingTable()
0000:05fb*     void __near Arp::dumpTable()
0000:0674+     char signed __near Arp::findEth( char unsigned const __near *, char unsigned __near * )
0000:06cf      void __near Arp::processArp( char unsigned __near *, short unsigned )
0000:0881      void __near Arp::driveArp2()
0000:093a+     void __near Arp::updateEntry( short unsigned, char unsigned const __near * )
0000:0993+     void __near Arp::updateOrAddCache( char unsigned __near *, char unsigned __near * )
0000:0abc+     void __near Arp::sendArpRequest( char unsigned __near * )
0000:0b74+     void __near Arp::sendArpRequest2( char unsigned __near * )
0000:0bcd+     void __near Arp::sendArpResponse( ArpHeader __near * )
0000:0c53      char signed __near Arp::resolve( char unsigned __near *, char unsigned __near * )
0913:1f18+     long unsigned __near Arp::RequestsSent
0913:1f1c+     long unsigned __near Arp::RepliesSent
0913:1f20+     long unsigned __near Arp::CacheModifiedCount
0913:1f24+     long unsigned __near Arp::CacheEvictions
0913:1f28+     __48kk6eArpPacket_t __near Arp_prebuiltResponse
0913:1f64+     __48kk6eArpPacket_t __near Arp_prebuiltRequest
Module: eth.o(/usr/home/hiroki/mtcp-src_2020-03-07/tcplib/eth.cpp)
0913:1780      char unsigned const __near Eth::Eth_Broadcast[]
0913:19e2      short unsigned __near MyMTU
0913:1fa0      char unsigned __near MyEthAddr[]
Module: ip.o(/usr/home/hiroki/mtcp-src_2020-03-07/tcplib/ip.cpp)
0913:1fb0      char unsigned __near Gateway[]
0913:1fb4      char unsigned __near IpThisMachine[]
0913:1fb8+     long unsigned __near Ip::icmpRecvPackets
0913:1fbc*     long unsigned __near Ip::ptrWrapCorrected
0913:1fc0+     long unsigned __near Ip::badChecksum
0913:1fc4+     long unsigned __near Ip::unhandledProtocol
0913:1fc8+     long unsigned __near Ip::fragsReceived
0913:1fcc+     short unsigned __near IpHeader::IpIdent
0000:0c6a      void __near Ip::dumpStats( __iobuf __near * )
0000:0c98      void __near Ip::process( char unsigned __near *, short unsigned )
0000:0d71      void __near IpHeader::set( char unsigned, char unsigned const __near *, short unsigned, char unsigned, short unsigned )
0000:0e28      char signed __near IpHeader::setDestEth( char unsigned __near * )
0000:0e9a      void __near Icmp::init()
0000:0eba+     void __near Icmp::process( char unsigned __near *, IpHeader __near * )
0913:19f0      char __near MyHostname[]
0913:1a04      char unsigned __near MyIpAddr[]
0913:1a08      char unsigned __near Netmask[]
0913:1a0c      long unsigned __near MyIpAddr_u
0913:1a10      long unsigned __near Netmask_u
0913:1a14      char unsigned __near IpBroadcast[]
0913:1fce+     void (__near * __near Icmp::icmpCallback)( char unsigned const __near *, IcmpHeader const __near * )
0913:1fd0+     __oot5mIcmpEchoPacket_t __near Icmp::icmpEchoPacket
Module: utils.o(/usr/home/hiroki/mtcp-src_2020-03-07/tcplib/utils.cpp)
0913:1790+     char const __near Parm_PacketInt[]
0913:17a0+     char const __near Parm_Hostname[]
0913:17b0+     char const __near Parm_IpAddr[]
0913:17b8+     char const __near Parm_Gateway[]
0913:17c0+     char const __near Parm_Netmask[]
0913:17c8+     char const __near Parm_Nameserver[]
0913:17d8+     char const __near Parm_Nameserver_preferred[]
0913:17f0+     char const __near Parm_Mtu[]
0913:2100      char unsigned __near mTCP_releaseTimesliceEnabled
0913:2104+     char unsigned __near Preferred_nameserver[]
0913:2108+     bool __near Preferred_nameserver_set
0913:2109+     char unsigned __near Utils::packetInt
0913:210a+     __iobuf __near * __near Utils::CfgFile
0913:210c+     char __near * __near Utils::CfgFilenamePtr
0913:210e+     void (__far * __near Utils::oldCtrlBreakHandler)()
0913:2118+     char __near Utils::lineBuffer[]
0913:21b8+     char __near Utils::parmName[]
0000:100e      void __near Utils::dumpBytes( __iobuf __near *, char unsigned __near *, int unsigned )
0000:10de+     bool __near Utils::rtrim( char __near * )
0000:1107+     int __near Utils::getLine( __iobuf __near *, bool, char __near *, int, int )
0000:117a      char signed __near Utils::parseEnv()
0000:1602+     void __near Utils::parseOptionalEnvVars()
0000:1668*     __iobuf __near * __near Utils::openCfgFile()
0000:1690*     void __near Utils::closeCfgFile()
0000:1696*     char signed __near Utils::getAppValue( char const __near *, char __near *, short unsigned )
0000:1737      char signed __near Utils::initStack( char unsigned, char unsigned, void (__far *)(), void (__far *)())
0000:19bc      void __near Utils::endStack()
0000:1a08+     void __near Utils::dumpStats( __iobuf __near * )
0000:1a1f*     long unsigned __near Utils::timeDiff( dostime_t, dostime_t )
0000:1afa+     char __near * __near Utils::getNextToken( char __near *, char __near *, short unsigned )
0913:1a18      char unsigned __near mTCP_sleepCallEnabled
Module: timer.o(/usr/home/hiroki/mtcp-src_2020-03-07/tcplib/timer.cpp)
0913:2230      long unsigned volatile __near Timer_CurrentTicks
0000:1c42+     void __far Timer_tick_handler()
0000:1c70      void __near Timer_start()
0000:1c9b      void __near Timer_stop()
0913:2236+     void (__far * __near Timer_old_tick_handler)()
Module: udp.o(/usr/home/hiroki/mtcp-src_2020-03-07/tcplib/udp.cpp)
0913:2240+     char unsigned __near Udp::callbackPorts
0913:2242+     short unsigned __near Udp::callbackList[]
0913:2246+     void (__near * __near Udp::callbackFunctions[])( char unsigned const __near *, UdpHeader const __near * )
0913:224c+     long unsigned __near Udp::Packets_Sent
0913:2250+     long unsigned __near Udp::Fragments_Sent
0913:2254+     long unsigned __near Udp::Packets_Received
0000:1cb7      void __near Udp::dumpStats( __iobuf __near * )
0000:1ced      char signed __near Udp::registerCallback( short unsigned, void (__near *)())
0000:1d36      char signed __near Udp::unregisterCallback( short unsigned )
0000:1d79      char signed __near Udp::sendUdp( char unsigned __near *, short unsigned, short unsigned, short unsigned, char unsigned __near *, char unsigned )
0000:1eb7      void __near Udp::process( char unsigned const __near *, IpHeader __near * )
0913:2258+     long unsigned __near Udp::NoHandler
0913:225c+     long unsigned __near Udp::ChecksumErrors
Module: dns.o(/usr/home/hiroki/mtcp-src_2020-03-07/tcplib/dns.cpp)
0000:1fb1      char signed __near Dns::init( short unsigned )
0000:1ffa      void __near Dns::stop()
0000:200a*     void __near Dns::dumpTable()
0000:204e      char signed __near Dns::resolve( char const __near *, char unsigned __near *, char unsigned )
0000:217e+     void __near Dns::sendRequest( char unsigned __near *, char const __near *, short unsigned )
0000:23bb+     void __near Dns::addOrUpdate( char __near *, char unsigned __near * )
0000:246f+     char signed __near Dns::find( char const __near * )
0000:249e+     void __near Dns::udpHandler( char unsigned const __near *, UdpHeader const __near * )
0000:28e4      void __near Dns::drivePendingQuery()
0000:297d+     void __near Dns::drivePendingQuery2()
0913:2260+     short unsigned __near Dns::handlerPort
0913:2264      char unsigned __near Dns::NameServer[]
0913:2268+     Dns::__4rnkjhDNS_Rec_t __near Dns::dnsTable[]
0913:22f0+     char unsigned __near Dns::entries
0913:22f1      char unsigned __near Dns::queryPending
0913:22f2+     char signed __near Dns::lastQueryRc
0913:22f4+     Dns::__39fnomDNS_Pending_Rec_t __near Dns::pendingQuery
Module: trace.o(/usr/home/hiroki/mtcp-src_2020-03-07/tcplib/trace.cpp)
0000:2a51      void __near Trace_beginTracing()
0000:2a79      void __near Trace_endTracing()
0000:2a7f      void __near Trace_tprintf( char __near *, ... )
0913:1a4c      __iobuf __near * __near Trace_Stream
0913:1a4e      char __near Trace_Severity
0913:2510      short unsigned __near Trace_Debugging
0913:2518      char __near Trace_LogFile[]
Module: ipasm.o(IPASM)
0000:2aee      _ipchksum
0000:2b1e      _ip_p_chksum
0000:2b93*     _ip_p_chksum2
Module: tftp.o(/usr/home/hiroki/mtcp-src_2020-03-07/apps/tftp/tftp.cpp)
0913:2570+     char __near ServerAddrName[]
0913:25c0+     char __near FileName[]
0913:2640+     char unsigned __near ServerAddr[]
0913:2644+     short unsigned __near SendEOF
0913:2646+     char unsigned __near Verbose
0913:2647+     char unsigned __near SendFile
0913:2648+     long unsigned __near TargetTime
0913:264c+     char unsigned volatile __near CtrlBreakDetected
0913:264e+     __1rr159TFTP_packet_t __near Outgoing
0913:1a50+     short unsigned __near ServerPort
0913:1a52+     short unsigned __near BlockNum
0913:1a54+     short unsigned __near TimeoutSecs
0000:2c29+     void __far ctrlBreakHandler()
0000:2c4f+     char __near * __near strpcpy( char __near *, char __near *, int __near * )
0000:2c78*     char __near * __near printTimeStamp( long unsigned, short unsigned )
0000:2cc9*     short __near setDosDateTime()
0000:2d30      main_
0000:2e5b+     void __near send()
0000:2f3b+     void __near recive()
0000:3005+     void __near usage()
0000:3023+     void __near parseArgs( int, char __near * __near * )
0000:3124+     void __near shutdown( int )
0000:312f+     int __near makeACK( char __near *, int )
0000:3141+     int __near makeRequest( char __near *, int, char __near *, char __near *, int, int, int )
0000:3205+     char signed __near sendRequest( int )
0000:32ac+     void __near putUdpHandler( char unsigned const __near *, UdpHeader const __near * )
0000:333a+     void __near getUdpHandler( char unsigned const __near *, UdpHeader const __near * )
0913:1aa8+     char __near * __near HelpText[]
0913:287c+     __iobuf __near * __near targetFile
0913:2880+     char __near printTimeStampBuffer[]
Module: /home/hiroki/watcom/lib286/dos/clibs.lib(nmalloc.c)
0000:33e4      _nmalloc_
0000:33e4      malloc_
0913:1ab8      ___nheapbeg
0913:1aba      ___MiniHeapRover
0913:1abc      ___LargestSizeB4MiniHeapRover
Module: /home/hiroki/watcom/lib286/dos/clibs.lib(nfree.c)
0000:349d      _nfree_
0000:349d      free_
0913:28a8+     ___MiniHeapFreeRover
Module: /home/hiroki/watcom/lib286/dos/clibs.lib(fmemcmp.c)
0000:3560      _fmemcmp_
Module: /home/hiroki/watcom/lib286/dos/clibs.lib(intx086.c)
0000:3588      int86x_
0000:3628*     int86_
Module: /home/hiroki/watcom/lib286/dos/clibs.lib(fprintf.c)
0000:3646      fprintf_
Module: /home/hiroki/watcom/lib286/dos/clibs.lib(getenv.c)
0000:3666      getenv_
Module: /home/hiroki/watcom/lib286/dos/clibs.lib(time.c)
0000:36d7      time_
Module: /home/hiroki/watcom/lib286/dos/clibs.lib(strcpy.c)
0000:3710      strcpy_
Module: /home/hiroki/watcom/lib286/dos/clibs.lib(memcpy.c)
0000:374f      memcpy_
Module: /home/hiroki/watcom/lib286/dos/clibs.lib(fputs.c)
0000:376c      fputs_
Module: /home/hiroki/watcom/lib286/dos/clibs.lib(fgets.c)
0000:37e2      fgets_
Module: /home/hiroki/watcom/lib286/dos/clibs.lib(feof.c)
0000:3841      feof_
Module: /home/hiroki/watcom/lib286/dos/clibs.lib(errno.c)
0000:384c      __get_errno_ptr_
0913:28aa+     _errno
Module: /home/hiroki/watcom/lib286/dos/clibs.lib(strerror.c)
0000:3850      strerror_
0000:386a*     _strerror_
0913:1abe+     __sys_errlist
0913:1b10+     __sys_nerr
Module: /home/hiroki/watcom/lib286/dos/clibs.lib(iob.c)
0913:1b12      ___iob
0913:29ac      ___OpenStreams
0913:29ae      ___ClosedStreams
Module: /home/hiroki/watcom/lib286/dos/clibs.lib(fopen.c)
0000:3926+     __open_flags_
0000:3ac6+     _fsopen_
0000:3b08      fopen_
0000:3b67*     freopen_
Module: /home/hiroki/watcom/lib286/dos/clibs.lib(stricmp.c)
0000:3baa      stricmp_
Module: /home/hiroki/watcom/lib286/dos/clibs.lib(sscanf.c)
0000:3c0e+     vsscanf_
0000:3c2b      sscanf_
Module: /home/hiroki/watcom/lib286/dos/clibs.lib(fclose.c)
0000:3c4b      __doclose_
0000:3cd9      __shutdown_stream_
0000:3cea      fclose_
0913:29b0+     ___RmTmpFileFn
Module: /home/hiroki/watcom/lib286/dos/clibs.lib(atoi.c)
0000:3d0c      atoi_
Module: /home/hiroki/watcom/lib286/dos/clibs.lib(fseek.c)
0000:3db1      fseek_
Module: /home/hiroki/watcom/lib286/dos/clibs.lib(isspace.c)
0000:3ec2      isspace_
Module: /home/hiroki/watcom/lib286/dos/clibs.lib(strncpy.c)
0000:3ee6      strncpy_
Module: /home/hiroki/watcom/lib286/dos/clibs.lib(rand.c)
0000:3f0f      rand_
0000:3f41      srand_
Module: /home/hiroki/watcom/lib286/dos/clibs.lib(d_getvec.c)
0000:3f58      _dos_getvect_
Module: /home/hiroki/watcom/lib286/dos/clibs.lib(d_setvec.c)
0000:3f63      _dos_setvect_
Module: /home/hiroki/watcom/lib286/dos/clibs.lib(nheapchk.c)
0000:4066*     _nheapchk_
0000:4066      _heapchk_
0913:29b2+     ___nheapchk_current
Module: /home/hiroki/watcom/lib286/dos/clibs.lib(fflush.c)
0000:40c7      fflush_
Module: /home/hiroki/watcom/lib286/dos/clibs.lib(i4m.asm)
0000:40d4      __I4M
0000:40d4      __U4M
Module: /home/hiroki/watcom/lib286/dos/clibs.lib(strlen.c)
0000:40ec      strlen_
Module: /home/hiroki/watcom/lib286/dos/clibs.lib(chainint)
0000:4104      _chain_intr_
Module: /home/hiroki/watcom/lib286/dos/clibs.lib(printf.c)
0000:4124      printf_
Module: /home/hiroki/watcom/lib286/dos/clibs.lib(isdigit.c)
0000:4144      isdigit_
Module: /home/hiroki/watcom/lib286/dos/clibs.lib(memset.c)
0000:4168      memset_
Module: /home/hiroki/watcom/lib286/dos/clibs.lib(strcmp.c)
0000:4183      strcmp_
Module: /home/hiroki/watcom/lib286/dos/clibs.lib(gtime086.asm)
0000:41ac      _dos_getdate_
0000:41c6      _dos_gettime_
Module: /home/hiroki/watcom/lib286/dos/clibs.lib(vfprintf.c)
0000:41e0      vfprintf_
Module: /home/hiroki/watcom/lib286/dos/clibs.lib(flushall.c)
0000:41e3      __flushall_
0000:4214      flushall_
Module: /home/hiroki/watcom/lib286/dos/clibs.lib(localtim.c)
0000:4219      _localtime_
0000:4283*     localtime_
Module: /home/hiroki/watcom/lib286/dos/clibs.lib(gmtime.c)
0000:42cf      __brktime_
0000:4402      _gmtime_
0000:4425*     gmtime_
Module: /home/hiroki/watcom/lib286/dos/clibs.lib(sprintf.c)
0000:442e      sprintf_
Module: /home/hiroki/watcom/lib286/dos/clibs.lib(stime086.asm)
0000:444e      _dos_setdate_
0000:446f      _dos_settime_
Module: /home/hiroki/watcom/lib286/dos/clibs.lib(exit.c)
0000:4490+     __null_int23_exit_
0000:4491      exit_
0000:44ad*     _exit_
0913:1c2e+     ___int23_exit
0913:1c30+     ___FPE_handler_exit
Module: /home/hiroki/watcom/lib286/dos/clibs.lib(puts.c)
0000:44bc      puts_
Module: /home/hiroki/watcom/lib286/dos/clibs.lib(bioskeyb.c)
0000:44e2      _bios_keybrd_
Module: /home/hiroki/watcom/lib286/dos/clibs.lib(i4d.asm)
0000:44e6*     __I4D
0000:452f      __U4D
Module: /home/hiroki/watcom/lib286/dos/clibs.lib(fread.c)
0000:45b3      fread_
Module: /home/hiroki/watcom/lib286/dos/clibs.lib(fwrite.c)
0000:474e      fwrite_
Module: /home/hiroki/watcom/lib286/dos/clibs.lib(cstart)
0000:0003*     ___begtext
0913:0000*     __nullarea
0000:48fa      _cstart_
0000:4aa4      __exit_
0000:4ac1      __do_exit_with_msg_
0000:4b87      __GETDS
Module: /home/hiroki/watcom/lib286/dos/clibs.lib(argcv.c)
0913:29d8      __argc
0913:29da      __argv
0913:29dc      ___argc
0913:29de      ___argv
Module: /home/hiroki/watcom/lib286/plibs.lib(fsroot.cpp)
0913:1e16      ___wcpp_4_data_init_fs_root_
Module: /home/hiroki/watcom/lib286/dos/clibs.lib(mem.c)
0000:4ba0      __MemAllocator
0000:4c68      __MemFree
Module: /home/hiroki/watcom/lib286/dos/clibs.lib(nmemneed.c)
0000:4de2      __nmemneed_
Module: /home/hiroki/watcom/lib286/dos/clibs.lib(grownear.c)
0000:4e4b+     __LastFree_
0000:4eb2      __ExpandDGROUP_
Module: /home/hiroki/watcom/lib286/dos/clibs.lib(dointr)
0000:4f86      _DoINTR_
Module: /home/hiroki/watcom/lib286/dos/clibs.lib(segread.c)
0000:52fb      segread_
Module: /home/hiroki/watcom/lib286/dos/clibs.lib(fprtf.c)
0000:5324      __fprtf_
Module: /home/hiroki/watcom/lib286/dos/clibs.lib(environ.c)
0913:29e0      ___env_mask
0913:29e2      _environ
0913:29e4*     __wenviron
Module: /home/hiroki/watcom/lib286/dos/clibs.lib(mbterm.c)
0000:53bb      _mbterm_
Module: /home/hiroki/watcom/lib286/dos/clibs.lib(mbsnextc.c)
0000:53f2      _mbsnextc_
Module: /home/hiroki/watcom/lib286/dos/clibs.lib(mbcupper.c)
0000:541c      _mbctoupper_
Module: /home/hiroki/watcom/lib286/dos/clibs.lib(mbsinc.c)
0000:5430      _mbsinc_
Module: /home/hiroki/watcom/lib286/dos/clibs.lib(gtctm.c)
0000:545c      __getctime_
Module: /home/hiroki/watcom/lib286/dos/clibs.lib(mktime.c)
0000:54e5      mktime_
Module: /home/hiroki/watcom/lib286/dos/clibs.lib(fputc.c)
0000:5580      fputc_
Module: /home/hiroki/watcom/lib286/dos/clibs.lib(flush.c)
0000:5629      __flush_
Module: /home/hiroki/watcom/lib286/dos/clibs.lib(ioalloc.c)
0000:5715      __ioalloc_
Module: /home/hiroki/watcom/lib286/dos/clibs.lib(fgetc.c)
0000:5781      __fill_buffer_
0000:5836      fgetc_
Module: /home/hiroki/watcom/lib286/dos/clibs.lib(initfile.c)
0000:58b8      __InitFiles_
Module: /home/hiroki/watcom/lib286/dos/clibs.lib(ioexit.c)
0000:5990*     fcloseall_
0000:5995      __full_io_exit_
Module: /home/hiroki/watcom/lib286/dos/clibs.lib(comtflag.c)
0913:1c32      __commode
Module: /home/hiroki/watcom/lib286/dos/clibs.lib(textmode.c)
0913:1c34      __fmode
Module: /home/hiroki/watcom/lib286/dos/clibs.lib(tolower.c)
0000:599d      tolower_
Module: /home/hiroki/watcom/lib286/dos/clibs.lib(open.c)
0000:5b62*     open_
0000:5b81      sopen_
Module: /home/hiroki/watcom/lib286/dos/clibs.lib(chktty.c)
0000:5ba6      __chktty_
Module: /home/hiroki/watcom/lib286/dos/clibs.lib(freefp.c)
0000:5bcb      __freefp_
0000:5bef      __purgefp_
Module: /home/hiroki/watcom/lib286/dos/clibs.lib(allocfp.c)
0000:5c06      __allocfp_
Module: /home/hiroki/watcom/lib286/dos/clibs.lib(scnf.c)
0000:6809      __scnf_
Module: /home/hiroki/watcom/lib286/dos/clibs.lib(__lseek.c)
0000:69d6      __lseek_
Module: /home/hiroki/watcom/lib286/dos/clibs.lib(_clse.c)
0000:6a0e      __close_
Module: /home/hiroki/watcom/lib286/dos/clibs.lib(istable.c)
0913:1850      __IsTable
Module: /home/hiroki/watcom/lib286/dos/clibs.lib(lseek.c)
0000:6a40      lseek_
Module: /home/hiroki/watcom/lib286/dos/clibs.lib(tell.c)
0000:6a6b      tell_
Module: /home/hiroki/watcom/lib286/dos/clibs.lib(nheapwal.c)
0000:6a7a*     _heapwalk_
0000:6a7a*     _nheapwalk_
0000:6a84      __NHeapWalk_
Module: /home/hiroki/watcom/lib286/dos/clibs.lib(tzset.c)
0913:1c36      ___start_dst
0913:1c48      ___end_dst
0913:1d5c*     _tzname
0913:1d60      _timezone
0913:1d64      _daylight
0913:1d66      ___dst_adjust
0000:6b0e*     __DontCacheOSTZ_
0000:6b22*     __CacheOSTZ_
0000:6f7f+     __parse_tz_
0000:7092      tzset_
Module: /home/hiroki/watcom/lib286/dos/clibs.lib(timeutil.c)
0000:71aa      __isindst_
Module: /home/hiroki/watcom/lib286/dos/clibs.lib(leapyear.c)
0000:741f      __leapyear_
0913:1952      ___diyr
0913:196c      ___dilyr
Module: /home/hiroki/watcom/lib286/dos/clibs.lib(vsprintf.c)
0000:745c      vsprintf_
Module: /home/hiroki/watcom/lib286/dos/clibs.lib(seterrno.c)
0000:746e*     __set_EDOM_
0000:747a*     __set_ERANGE_
0000:7486      __set_EINVAL_
Module: /home/hiroki/watcom/lib286/dos/clibs.lib(initrtns.c)
0000:74c7*     __FInitRtns
0000:74cb      __InitRtns
0000:7522*     __FFiniRtns
0000:7526      __FiniRtns
Module: /home/hiroki/watcom/lib286/dos/clibs.lib(func086.asm)
0000:7584*     __ibm_bios_equiplist_
0000:7587      __ibm_bios_keybrd_
0000:759c*     __ibm_bios_memsize_
0000:759f*     __ibm_bios_printer_
0000:75aa*     __ibm_bios_serialcom_
Module: /home/hiroki/watcom/lib286/dos/clibs.lib(qread.c)
0000:75b1      __qread_
Module: /home/hiroki/watcom/lib286/dos/clibs.lib(qwrit.c)
0000:75c7      __qwrite_
Module: /home/hiroki/watcom/lib286/dos/clibs.lib(xmsg.c)
0000:7620*     __exit_with_msg_
0000:7623      __fatal_runtime_error_
Module: /home/hiroki/watcom/lib286/dos/clibs.lib(cmain086.c)
0000:763a      __CMain
Module: /home/hiroki/watcom/lib286/dos/clibs.lib(crwdata)
0913:1d8e      __curbrk
0913:1d96      __STACKLOW
0913:1d98      __STACKTOP
0913:1d9a      __cbyte
0913:1d9c      __child
0913:1d9e      __no87
0913:1dab      ___FPE_handler
0913:1d90      __psp
0913:1d9f      __get_ovl_stack
0913:1da3      __restore_ovl_stack
0913:1da7      __close_ovl_file
0913:1daf      __LpCmdLine
0913:1db3      __LpPgmName
0913:1d92      __osmajor
0913:1d93      __osminor
0913:1d94      __osmode
0913:1d95      __HShift
Module: /home/hiroki/watcom/lib286/dos/clibs.lib(uselfn.c)
0913:1db8      ___uselfn
Module: /home/hiroki/watcom/lib286/dos/clibs.lib(initargv.c)
0000:77ad      __Init_Argv_
0000:77de      __Fini_Argv_
Module: /home/hiroki/watcom/lib286/plibs.lib(cppdata.cpp)
0913:29e8      __wint_thread_data
0913:29fa*     __compiled_under_generic
Module: /home/hiroki/watcom/lib286/dos/clibs.lib(amblksiz.c)
0913:1dba      __amblksiz
Module: /home/hiroki/watcom/lib286/dos/clibs.lib(heapen.c)
0913:1dbc      ___heap_enabled
Module: /home/hiroki/watcom/lib286/dos/clibs.lib(sbrk.c)
0000:77e9      __brk_
0000:783d*     sbrk_
Module: /home/hiroki/watcom/lib286/dos/clibs.lib(prtf.c)
0000:8188      __prtf_
Module: /home/hiroki/watcom/lib286/dos/clibs.lib(setenvp.c)
0000:83a7      __setenvp_
0000:844e      __freeenvp_
Module: /home/hiroki/watcom/lib286/dos/clibs.lib(mbisdbcs.c)
0913:1dbe      ___IsDBCS
Module: /home/hiroki/watcom/lib286/dos/clibs.lib(mbislead.c)
0000:8473*     _ismbblead_
0913:29fe      ___MBCSIsTable
Module: /home/hiroki/watcom/lib286/dos/clibs.lib(mbinit.c)
0000:84e5      __mbinit_
0913:1dc0      ___MBCodePage
Module: /home/hiroki/watcom/lib286/dos/clibs.lib(mbdtoupp.c)
0000:854c      _mbdtoupper_
Module: /home/hiroki/watcom/lib286/dos/clibs.lib(toupper.c)
0000:855a      toupper_
Module: /home/hiroki/watcom/lib286/dos/clibs.lib(locmktim.c)
0000:8568      __local_mktime_
Module: /home/hiroki/watcom/lib286/dos/clibs.lib(fsync.c)
0000:86ff      fsync_
Module: /home/hiroki/watcom/lib286/dos/clibs.lib(gtche.c)
0000:8702      getche_
Module: /home/hiroki/watcom/lib286/dos/clibs.lib(opendos.c)
0000:8717      _dos_open_
Module: /home/hiroki/watcom/lib286/dos/clibs.lib(iomode.c)
0000:872b      __GetIOMode_
0000:8742      __SetIOMode_nogrow_
0913:1dc2      ___NFiles
0913:1dc4      ___init_mode
0913:1dec      ___io_mode
Module: /home/hiroki/watcom/lib286/dos/clibs.lib(isatt.c)
0000:8757      isatty_
Module: /home/hiroki/watcom/lib286/dos/clibs.lib(dosret.c)
0000:8773*     __dosretax
0000:8778*     __dosret0
0000:877f      __set_errno_dos_
0000:87df*     __set_errno_dos_reterr_
Module: /home/hiroki/watcom/lib286/dos/clibs.lib(doserrno.c)
0000:87e9      __get_doserrno_ptr_
0913:2b00+     __doserrno
Module: /home/hiroki/watcom/lib286/dos/clibs.lib(umaskval.c)
0913:1e02      ___umaskval
Module: /home/hiroki/watcom/lib286/dos/clibs.lib(creatdos.c)
0000:87ed      _dos_creat_
0000:87ff*     _dos_creatnew_
Module: /home/hiroki/watcom/lib286/dos/clibs.lib(stiomode.c)
0000:8811+     __grow_iomode_
0000:8898+     __shrink_iomode_
0000:88b1      __SetIOMode_
Module: /home/hiroki/watcom/lib286/dos/clibs.lib(mbtowc.c)
0000:8902      mbtowc_
Module: /home/hiroki/watcom/lib286/dos/clibs.lib(bits.c)
0913:1990      __Bits
Module: /home/hiroki/watcom/lib286/dos/clibs.lib(noefgfmt.c)
0913:1e04      ___EFG_printf
0913:1e06      ___EFG_scanf
Module: /home/hiroki/watcom/lib286/dos/clibs.lib(fdfs086.asm)
0000:89ac      __FDFS
Module: /home/hiroki/watcom/lib286/dos/clibs.lib(i8m086.asm)
0000:8a0e*     __I8M
0000:8a0e      __U8M
0000:89f4*     __I8ME
0000:89f4*     __U8ME
Module: /home/hiroki/watcom/lib286/dos/clibs.lib(sgdef086)
0913:1e0a      __Start_XI
0913:1e28      __End_XI
0913:1e28      __Start_YI
0913:1e40      __End_YI
Module: /home/hiroki/watcom/lib286/dos/clibs.lib(enterdb.c)
0000:8b58      __EnterWVIDEO_
0913:1e08+     ___WD_Present
Module: /home/hiroki/watcom/lib286/dos/clibs.lib(___argc.c)
0913:2b04      ____Argc
0913:2b06      ____Argv
Module: /home/hiroki/watcom/lib286/dos/clibs.lib(histsplt.c)
0913:2b08      ___historical_splitparms
Module: /home/hiroki/watcom/lib286/dos/clibs.lib(wctomb.c)
0000:8b74      wctomb_
Module: /home/hiroki/watcom/lib286/dos/clibs.lib(itoa.c)
0000:8b91+     utoa_
0000:8bd6      itoa_
Module: /home/hiroki/watcom/lib286/dos/clibs.lib(strupr.c)
0000:8bf1      strupr_
Module: /home/hiroki/watcom/lib286/dos/clibs.lib(lltoa.c)
0000:8c11      ulltoa_
0000:8cd5*     lltoa_
Module: /home/hiroki/watcom/lib286/dos/clibs.lib(ltoa.c)
0000:8d28      ultoa_
0000:8d7b*     ltoa_
Module: /home/hiroki/watcom/lib286/dos/clibs.lib(clearenv.c)
0000:8d9b      clearenv_
Module: /home/hiroki/watcom/lib286/dos/clibs.lib(getltdos.c)
0000:8e0a      dos_get_dbcs_lead_table_
Module: /home/hiroki/watcom/lib286/dos/clibs.lib(getcpdos.c)
0000:8e33      dos_get_code_page_
Module: /home/hiroki/watcom/lib286/dos/clibs.lib(filedos.c)
0000:8e43*     _dos_close_
0000:8e4f      _dos_commit_
Module: /home/hiroki/watcom/lib286/dos/clibs.lib(error086.asm)
0000:8e5c      __doserror_
0000:8e68*     __doserror1_
Module: /home/hiroki/watcom/lib286/dos/clibs.lib(nrealloc.c)
0000:8e72*     _nrealloc_
0000:8e72      realloc_
Module: /home/hiroki/watcom/lib286/dos/clibs.lib(iomodtty.c)
0000:8ede      __ChkTTYIOMode_
0000:8f10*     __IOMode_
Module: /home/hiroki/watcom/lib286/dos/clibs.lib(alphabet.c)
0913:1998      ___Alphabet
Module: /home/hiroki/watcom/lib286/dos/clibs.lib(nmsize.c)
0000:8f1d*     _msize_
0000:8f1d      _nmsize_
Module: /home/hiroki/watcom/lib286/dos/clibs.lib(nexpand.c)
0000:8f2c      _nexpand_
0000:8f2c*     _expand_
Module: /home/hiroki/watcom/lib286/dos/clibs.lib(_expand.c)
0000:8f77      __HeapManager_expand_
Module: /home/hiroki/watcom/lib286/dos/clibs.lib(bfree.c)
0000:9106      _bfree_


                        +--------------------+
                        |   Libraries Used   |
                        +--------------------+

/home/hiroki/watcom/lib286/plibs.lib
/home/hiroki/watcom/lib286/dos/clibs.lib


                        +-----------------------+
                        |   Linker Statistics   |
                        +-----------------------+

Stack size:  1000 (4096.)
Memory size:  cc40 (52288.)
Entry point address: 0000:48fa
Link time: 00:00.08
